***  Initialising the KOGT R LMS v. 2.11  ***
Using connection profile "MariaDB"
[Report]message progress:Extracting property: Iterations[ReportEnd]
[Report]progress:0.002564102564102564[ReportEnd]
[Report]message progress:Extracting property: Residual[ReportEnd]
[Report]progress:0.005128205128205128[ReportEnd]
[Report]message progress:Extracting property: Restarts[ReportEnd]
[Report]progress:0.007692307692307692[ReportEnd]
[Report]message progress:Extracting property: Time consumption[ReportEnd]
[Report]progress:0.010256410256410256[ReportEnd]
[Report]message progress:Extracting property: Time step[ReportEnd]
[Report]progress:0.01282051282051282[ReportEnd]
[Report]message progress:Extracting property: Pressure drop[ReportEnd]
[Report]progress:0.017094017094017092[ReportEnd]
[Report]message progress:Extracting property: Total masses[ReportEnd]
[Report]progress:0.021367521367521368[ReportEnd]
[Report]message progress:Extracting property: Total volumes[ReportEnd]
[Report]progress:0.02564102564102564[ReportEnd]
[Report]message progress:Extracting property: Mass flow rate[ReportEnd]
[Report]progress:0.03205128205128205[ReportEnd]
[Report]message progress:Extracting property: Pressure[ReportEnd]
[Report]progress:0.038461538461538464[ReportEnd]
[Report]message progress:Extracting property: Mass flow rate[ReportEnd]
[Report]progress:0.04487179487179487[ReportEnd]
[Report]message progress:Extracting property: Pressure[ReportEnd]
[Report]progress:0.05128205128205128[ReportEnd]
[Report]message progress:Extracting property: Pressure drop[ReportEnd]
[Report]progress:0.05555555555555555[ReportEnd]
[Report]message progress:Extracting property: Total masses[ReportEnd]
[Report]progress:0.059829059829059825[ReportEnd]
[Report]message progress:Extracting property: Total volumes[ReportEnd]
[Report]progress:0.0641025641025641[ReportEnd]
[Report]message progress:Extracting property: Mass flow rate[ReportEnd]
[Report]progress:0.07051282051282051[ReportEnd]
[Report]message progress:Extracting property: Pressure[ReportEnd]
[Report]progress:0.07692307692307693[ReportEnd]
[Report]message progress:Extracting property: Mass flow rate[ReportEnd]
[Report]progress:0.08333333333333334[ReportEnd]
[Report]message progress:Extracting property: Pressure[ReportEnd]
[Report]progress:0.08974358974358974[ReportEnd]
[Report]message progress:Extracting property: Pressure drop[ReportEnd]
[Report]progress:0.09401709401709402[ReportEnd]
[Report]message progress:Extracting property: Total masses[ReportEnd]
[Report]progress:0.09829059829059829[ReportEnd]
[Report]message progress:Extracting property: Total volumes[ReportEnd]
[Report]progress:0.10256410256410256[ReportEnd]
[Report]message progress:Extracting property: Mass flow rate[ReportEnd]
[Report]progress:0.10897435897435898[ReportEnd]
[Report]message progress:Extracting property: Pressure[ReportEnd]
[Report]progress:0.11538461538461538[ReportEnd]
[Report]message progress:Extracting property: Mass flow rate[ReportEnd]
[Report]progress:0.12179487179487178[ReportEnd]
[Report]message progress:Extracting property: Pressure[ReportEnd]
[Report]progress:0.1282051282051282[ReportEnd]
[Report]message progress:Extracting property: Efficiency[ReportEnd]
[Report]progress:0.12948717948717947[ReportEnd]
[Report]message progress:Extracting property: Gas volume fraction[ReportEnd]
[Report]progress:0.13076923076923075[ReportEnd]
[Report]message progress:Extracting property: Mixture density[ReportEnd]
[Report]progress:0.13205128205128205[ReportEnd]
[Report]message progress:Extracting property: Power[ReportEnd]
[Report]progress:0.13333333333333333[ReportEnd]
[Report]message progress:Extracting property: Pressure boost[ReportEnd]
[Report]progress:0.1346153846153846[ReportEnd]
[Report]message progress:Extracting property: Pump curves pressure[ReportEnd]
[Report]progress:0.1358974358974359[ReportEnd]
[Report]message progress:Extracting property: Pump curves volume flow rate[ReportEnd]
[Report]progress:0.13717948717948716[ReportEnd]
[Report]message progress:Extracting property: Speed[ReportEnd]
[Report]progress:0.13846153846153847[ReportEnd]
[Report]message progress:Extracting property: Status[ReportEnd]
[Report]progress:0.13974358974358975[ReportEnd]
[Report]message progress:Extracting property: Total volume flow rate[ReportEnd]
[Report]progress:0.14102564102564102[ReportEnd]
[Report]message progress:Extracting property: Mass flow rate[ReportEnd]
[Report]progress:0.14358974358974358[ReportEnd]
[Report]message progress:Extracting property: Opening fraction[ReportEnd]
[Report]progress:0.14615384615384616[ReportEnd]
[Report]message progress:Extracting property: Pressure Left[ReportEnd]
[Report]progress:0.14871794871794872[ReportEnd]
[Report]message progress:Extracting property: Pressure Right[ReportEnd]
[Report]progress:0.1512820512820513[ReportEnd]
[Report]message progress:Extracting property: Pressure drop[ReportEnd]
[Report]progress:0.15384615384615385[ReportEnd]
[Report]message progress:Extracting property: Mass flow rate[ReportEnd]
[Report]progress:0.1564102564102564[ReportEnd]
[Report]message progress:Extracting property: Opening fraction[ReportEnd]
[Report]progress:0.15897435897435896[ReportEnd]
[Report]message progress:Extracting property: Pressure Left[ReportEnd]
[Report]progress:0.16153846153846155[ReportEnd]
[Report]message progress:Extracting property: Pressure Right[ReportEnd]
[Report]progress:0.1641025641025641[ReportEnd]
[Report]message progress:Extracting property: Pressure drop[ReportEnd]
[Report]progress:0.16666666666666666[ReportEnd]
[Report]message progress:Extracting property: Mass flow rate[ReportEnd]
[Report]progress:0.1692307692307692[ReportEnd]
[Report]message progress:Extracting property: Opening fraction[ReportEnd]
[Report]progress:0.1717948717948718[ReportEnd]
[Report]message progress:Extracting property: Pressure Left[ReportEnd]
[Report]progress:0.17435897435897435[ReportEnd]
[Report]message progress:Extracting property: Pressure Right[ReportEnd]
[Report]progress:0.17692307692307693[ReportEnd]
[Report]message progress:Extracting property: Pressure drop[ReportEnd]
[Report]progress:0.1794871794871795[ReportEnd]
[Report]message progress:Extracting property: Mass flow rate[ReportEnd]
[Report]progress:0.18205128205128204[ReportEnd]
[Report]message progress:Extracting property: Opening fraction[ReportEnd]
[Report]progress:0.1846153846153846[ReportEnd]
[Report]message progress:Extracting property: Pressure Left[ReportEnd]
[Report]progress:0.18717948717948718[ReportEnd]
[Report]message progress:Extracting property: Pressure Right[ReportEnd]
[Report]progress:0.18974358974358974[ReportEnd]
[Report]message progress:Extracting property: Pressure drop[ReportEnd]
[Report]progress:0.1923076923076923[ReportEnd]
[Report]message progress:Extracting property: Well Total mass flowrate[ReportEnd]
[Report]progress:0.19487179487179485[ReportEnd]
[Report]message progress:Extracting property: Well zone BHP[ReportEnd]
[Report]progress:0.19743589743589743[ReportEnd]
[Report]message progress:Extracting property: Well zone BHT[ReportEnd]
[Report]progress:0.19999999999999998[ReportEnd]
[Report]message progress:Extracting property: Well zone mass flowrate[ReportEnd]
[Report]progress:0.20256410256410257[ReportEnd]
[Report]message progress:Extracting property: Well zone standard volume flowrate[ReportEnd]
[Report]progress:0.20512820512820512[ReportEnd]
[Report]message progress:Extracting property: Well Total mass flowrate[ReportEnd]
[Report]progress:0.20769230769230768[ReportEnd]
[Report]message progress:Extracting property: Well zone BHP[ReportEnd]
[Report]progress:0.21025641025641026[ReportEnd]
[Report]message progress:Extracting property: Well zone BHT[ReportEnd]
[Report]progress:0.2128205128205128[ReportEnd]
[Report]message progress:Extracting property: Well zone mass flowrate[ReportEnd]
[Report]progress:0.2153846153846154[ReportEnd]
[Report]message progress:Extracting property: Well zone standard volume flowrate[ReportEnd]
[Report]progress:0.21794871794871795[ReportEnd]
[Report]message progress:Extracting property: Well Total mass flowrate[ReportEnd]
[Report]progress:0.2205128205128205[ReportEnd]
[Report]message progress:Extracting property: Well zone BHP[ReportEnd]
[Report]progress:0.22307692307692306[ReportEnd]
[Report]message progress:Extracting property: Well zone BHT[ReportEnd]
[Report]progress:0.22564102564102564[ReportEnd]
[Report]message progress:Extracting property: Well zone mass flowrate[ReportEnd]
[Report]progress:0.2282051282051282[ReportEnd]
[Report]message progress:Extracting property: Well zone standard volume flowrate[ReportEnd]
[Report]progress:0.23076923076923075[ReportEnd]
[Report]message progress:Extracting property: Well Total mass flowrate[ReportEnd]
[Report]progress:0.2333333333333333[ReportEnd]
[Report]message progress:Extracting property: Well zone BHP[ReportEnd]
[Report]progress:0.2358974358974359[ReportEnd]
[Report]message progress:Extracting property: Well zone BHT[ReportEnd]
[Report]progress:0.23846153846153845[ReportEnd]
[Report]message progress:Extracting property: Well zone mass flowrate[ReportEnd]
[Report]progress:0.24102564102564103[ReportEnd]
[Report]message progress:Extracting property: Well zone standard volume flowrate[ReportEnd]
[Report]progress:0.24358974358974358[ReportEnd]
[Report]message progress:Extracting property: Pressure drop[ReportEnd]
[Report]progress:0.24786324786324784[ReportEnd]
[Report]message progress:Extracting property: Total masses[ReportEnd]
[Report]progress:0.25213675213675213[ReportEnd]
[Report]message progress:Extracting property: Total volumes[ReportEnd]
[Report]progress:0.2564102564102564[ReportEnd]
[Report]message progress:Extracting property: Pressure[ReportEnd]
[Report]progress:0.2692307692307692[ReportEnd]
[Report]message progress:Extracting property: Mass flow rate[ReportEnd]
[Report]progress:0.27564102564102566[ReportEnd]
[Report]message progress:Extracting property: Pressure[ReportEnd]
[Report]progress:0.28205128205128205[ReportEnd]
[Report]message progress:Extracting property: Pressure drop[ReportEnd]
[Report]progress:0.2863247863247863[ReportEnd]
[Report]message progress:Extracting property: Total masses[ReportEnd]
[Report]progress:0.2905982905982906[ReportEnd]
[Report]message progress:Extracting property: Total volumes[ReportEnd]
[Report]progress:0.2948717948717949[ReportEnd]
[Report]message progress:Extracting property: Pressure[ReportEnd]
[Report]progress:0.3076923076923077[ReportEnd]
[Report]message progress:Extracting property: Mass flow rate[ReportEnd]
[Report]progress:0.3141025641025641[ReportEnd]
[Report]message progress:Extracting property: Pressure[ReportEnd]
[Report]progress:0.3205128205128205[ReportEnd]
[Report]message progress:Extracting property: Pressure drop[ReportEnd]
[Report]progress:0.32478632478632474[ReportEnd]
[Report]message progress:Extracting property: Total masses[ReportEnd]
[Report]progress:0.32905982905982906[ReportEnd]
[Report]message progress:Extracting property: Total volumes[ReportEnd]
[Report]progress:0.3333333333333333[ReportEnd]
[Report]message progress:Extracting property: Pressure[ReportEnd]
[Report]progress:0.34615384615384615[ReportEnd]
[Report]message progress:Extracting property: Mass flow rate[ReportEnd]
[Report]progress:0.35256410256410253[ReportEnd]
[Report]message progress:Extracting property: Pressure[ReportEnd]
[Report]progress:0.358974358974359[ReportEnd]
[Report]message progress:Extracting property: Pressure drop[ReportEnd]
[Report]progress:0.36324786324786323[ReportEnd]
[Report]message progress:Extracting property: Total masses[ReportEnd]
[Report]progress:0.36752136752136755[ReportEnd]
[Report]message progress:Extracting property: Total volumes[ReportEnd]
[Report]progress:0.3717948717948718[ReportEnd]
[Report]message progress:Extracting property: Pressure[ReportEnd]
[Report]progress:0.3846153846153846[ReportEnd]
[Report]message progress:Extracting property: Mass flow rate[ReportEnd]
[Report]progress:0.39102564102564097[ReportEnd]
[Report]message progress:Extracting property: Pressure[ReportEnd]
[Report]progress:0.3974358974358974[ReportEnd]
[Report]message progress:Extracting property: Accumulated volume[ReportEnd]
[Report]progress:0.3990384615384615[ReportEnd]
[Report]message progress:Extracting property: Average temperature[ReportEnd]
[Report]progress:0.4006410256410256[ReportEnd]
[Report]message progress:Extracting property: Mass flow rate[ReportEnd]
[Report]progress:0.4022435897435897[ReportEnd]
[Report]message progress:Extracting property: Mass fraction[ReportEnd]
[Report]progress:0.40384615384615385[ReportEnd]
[Report]message progress:Extracting property: Pressure[ReportEnd]
[Report]progress:0.40544871794871795[ReportEnd]
[Report]message progress:Extracting property: Standard volume flow rate[ReportEnd]
[Report]progress:0.40705128205128205[ReportEnd]
[Report]message progress:Extracting property: Temperature[ReportEnd]
[Report]progress:0.40865384615384615[ReportEnd]
[Report]message progress:Extracting property: Volume fraction[ReportEnd]
[Report]progress:0.41025641025641024[ReportEnd]
[Report]message progress:Extracting property: Mass flow rate[ReportEnd]
[Report]progress:0.41666666666666663[ReportEnd]
[Report]message progress:Extracting property: Pressure[ReportEnd]
[Report]progress:0.4230769230769231[ReportEnd]
[Report]message progress:Extracting property: Mass flow rate[ReportEnd]
[Report]progress:0.4294871794871795[ReportEnd]
[Report]message progress:Extracting property: Pressure[ReportEnd]
[Report]progress:0.4358974358974359[ReportEnd]
[Report]message progress:Extracting property: Average temperature[ReportEnd]
[Report]progress:0.44017094017094016[ReportEnd]
[Report]message progress:Extracting property: Mass flow rate[ReportEnd]
[Report]progress:0.4444444444444444[ReportEnd]
[Report]message progress:Extracting property: Pressure[ReportEnd]
[Report]progress:0.4487179487179487[ReportEnd]
[Report]message progress:Extracting property: Average temperature[ReportEnd]
[Report]progress:0.45299145299145294[ReportEnd]
[Report]message progress:Extracting property: Mass flow rate[ReportEnd]
[Report]progress:0.45726495726495725[ReportEnd]
[Report]message progress:Extracting property: Pressure[ReportEnd]
[Report]progress:0.4615384615384615[ReportEnd]
[Report]message progress:Extracting property: Mass flow rate[ReportEnd]
[Report]progress:0.46794871794871795[ReportEnd]
[Report]message progress:Extracting property: Pressure[ReportEnd]
[Report]progress:0.47435897435897434[ReportEnd]
[Report]message progress:Extracting property: Average temperature[ReportEnd]
[Report]progress:0.4786324786324786[ReportEnd]
[Report]message progress:Extracting property: Mass flow rate[ReportEnd]
[Report]progress:0.4829059829059829[ReportEnd]
[Report]message progress:Extracting property: Pressure[ReportEnd]
[Report]progress:0.48717948717948717[ReportEnd]
[Report]message progress:Extracting property: Average temperature[ReportEnd]
[Report]progress:0.49145299145299143[ReportEnd]
[Report]message progress:Extracting property: Mass flow rate[ReportEnd]
[Report]progress:0.49572649572649574[ReportEnd]
[Report]message progress:Extracting property: Pressure[ReportEnd]
[Report]progress:0.5[ReportEnd]
[Report]progress:0.500067558438049[ReportEnd]
[Report]message progress:Trends: writing time sample 10 s[ReportEnd]
[Report]progress:0.510066207269288[ReportEnd]
[Report]message progress:Trends: writing time sample 1490 s[ReportEnd]
[Report]progress:0.520064856100527[ReportEnd]
[Report]message progress:Trends: writing time sample 2970 s[ReportEnd]
[Report]progress:0.530063504931766[ReportEnd]
[Report]message progress:Trends: writing time sample 4450 s[ReportEnd]
[Report]progress:0.540062153763005[ReportEnd]
[Report]message progress:Trends: writing time sample 5930 s[ReportEnd]
[Report]progress:0.5500608025942441[ReportEnd]
[Report]message progress:Trends: writing time sample 7410 s[ReportEnd]
[Report]progress:0.5600594514254831[ReportEnd]
[Report]message progress:Trends: writing time sample 8890 s[ReportEnd]
[Report]progress:0.5700581002567221[ReportEnd]
[Report]message progress:Trends: writing time sample 10370 s[ReportEnd]
[Report]progress:0.5800567490879611[ReportEnd]
[Report]message progress:Trends: writing time sample 11850 s[ReportEnd]
[Report]progress:0.5900553979192001[ReportEnd]
[Report]message progress:Trends: writing time sample 13330 s[ReportEnd]
[Report]progress:0.6000540467504392[ReportEnd]
[Report]message progress:Trends: writing time sample 14810 s[ReportEnd]
[Report]progress:0.6100526955816782[ReportEnd]
[Report]message progress:Trends: writing time sample 16290 s[ReportEnd]
[Report]progress:0.6200513444129172[ReportEnd]
[Report]message progress:Trends: writing time sample 17770 s[ReportEnd]
[Report]progress:0.6300499932441562[ReportEnd]
[Report]message progress:Trends: writing time sample 19250 s[ReportEnd]
[Report]progress:0.6400486420753952[ReportEnd]
[Report]message progress:Trends: writing time sample 20730 s[ReportEnd]
[Report]progress:0.6500472909066343[ReportEnd]
[Report]message progress:Trends: writing time sample 22210 s[ReportEnd]
[Report]progress:0.6600459397378733[ReportEnd]
[Report]message progress:Trends: writing time sample 23690 s[ReportEnd]
[Report]progress:0.6700445885691123[ReportEnd]
[Report]message progress:Trends: writing time sample 25170 s[ReportEnd]
[Report]progress:0.6800432374003513[ReportEnd]
[Report]message progress:Trends: writing time sample 26650 s[ReportEnd]
[Report]progress:0.6900418862315904[ReportEnd]
[Report]message progress:Trends: writing time sample 28130 s[ReportEnd]
[Report]progress:0.7000405350628294[ReportEnd]
[Report]message progress:Trends: writing time sample 29610 s[ReportEnd]
[Report]progress:0.7100391838940684[ReportEnd]
[Report]message progress:Trends: writing time sample 31090 s[ReportEnd]
[Report]progress:0.7200378327253074[ReportEnd]
[Report]message progress:Trends: writing time sample 32570 s[ReportEnd]
[Report]progress:0.7300364815565464[ReportEnd]
[Report]message progress:Trends: writing time sample 34050 s[ReportEnd]
[Report]progress:0.7400351303877855[ReportEnd]
[Report]message progress:Trends: writing time sample 35530 s[ReportEnd]
[Report]progress:0.7500337792190245[ReportEnd]
[Report]message progress:Trends: writing time sample 37010 s[ReportEnd]
[Report]progress:0.7600324280502635[ReportEnd]
[Report]message progress:Trends: writing time sample 38490 s[ReportEnd]
[Report]progress:0.7700310768815025[ReportEnd]
[Report]message progress:Trends: writing time sample 39970 s[ReportEnd]
[Report]progress:0.7800297257127415[ReportEnd]
[Report]message progress:Trends: writing time sample 41450 s[ReportEnd]
[Report]progress:0.7900283745439806[ReportEnd]
[Report]message progress:Trends: writing time sample 42930 s[ReportEnd]
[Report]progress:0.8000270233752196[ReportEnd]
[Report]message progress:Trends: writing time sample 44410 s[ReportEnd]
[Report]progress:0.8100256722064586[ReportEnd]
[Report]message progress:Trends: writing time sample 45890 s[ReportEnd]
[Report]progress:0.8200243210376976[ReportEnd]
[Report]message progress:Trends: writing time sample 47370 s[ReportEnd]
[Report]progress:0.8300229698689366[ReportEnd]
[Report]message progress:Trends: writing time sample 48850 s[ReportEnd]
[Report]progress:0.8400216187001757[ReportEnd]
[Report]message progress:Trends: writing time sample 50330 s[ReportEnd]
[Report]progress:0.8500202675314147[ReportEnd]
[Report]message progress:Trends: writing time sample 51810 s[ReportEnd]
[Report]progress:0.8600189163626537[ReportEnd]
[Report]message progress:Trends: writing time sample 53290 s[ReportEnd]
[Report]progress:0.8700175651938927[ReportEnd]
[Report]message progress:Trends: writing time sample 54770 s[ReportEnd]
[Report]progress:0.8800162140251317[ReportEnd]
[Report]message progress:Trends: writing time sample 56250 s[ReportEnd]
[Report]progress:0.8900148628563708[ReportEnd]
[Report]message progress:Trends: writing time sample 57730 s[ReportEnd]
[Report]progress:0.9000135116876098[ReportEnd]
[Report]message progress:Trends: writing time sample 59210 s[ReportEnd]
[Report]progress:0.9100121605188488[ReportEnd]
[Report]message progress:Trends: writing time sample 60690 s[ReportEnd]
[Report]progress:0.9200108093500878[ReportEnd]
[Report]message progress:Trends: writing time sample 62170 s[ReportEnd]
[Report]progress:0.9300094581813269[ReportEnd]
[Report]message progress:Trends: writing time sample 63650 s[ReportEnd]
[Report]progress:0.9400081070125659[ReportEnd]
[Report]message progress:Trends: writing time sample 65130 s[ReportEnd]
[Report]progress:0.9500067558438049[ReportEnd]
[Report]message progress:Trends: writing time sample 66610 s[ReportEnd]
[Report]progress:0.9600054046750439[ReportEnd]
[Report]message progress:Trends: writing time sample 68090 s[ReportEnd]
[Report]progress:0.9700040535062829[ReportEnd]
[Report]message progress:Trends: writing time sample 69570 s[ReportEnd]
[Report]progress:0.980002702337522[ReportEnd]
[Report]message progress:Trends: writing time sample 71050 s[ReportEnd]
[Report]progress:0.990001351168761[ReportEnd]
[Report]message progress:Trends: writing time sample 72530 s[ReportEnd]
[Report]file created:/home/archanak/projects/00 Code Templates/2027_FOCAPO_CPC/model_mismatch/case_final/full_lf_output.csv[ReportEnd]
